Basic Reconnaissance Report for: example.com
Generated on: 2025-06-25T12:26:56.263495
============================================================

SUBDOMAINS (10 found):
  • AS207960 Test Intermediate - example.com
  • dev.example.com
  • example.com
  • m.example.com
  • m.testexample.com
  • products.example.com
  • subjectname@example.com
  • support.example.com
  • user@example.com
  • www.example.com

DNS RECORDS:
  A:
    • 96.7.128.175
    • 96.7.128.198
    • 23.192.228.80
    • 23.192.228.84
    • 23.215.0.136
    • 23.215.0.138
  NS:
    • a.iana-servers.net.
    • b.iana-servers.net.
  MX:
    • 0 .
  TXT:
    • "v=spf1 -all"
    • "_k2n1y4vw3qtb4skdx9e7dxt97qrmmq9"

HTTP HEADERS:
  HTTP:
    • Accept-Ranges: bytes
    • Content-Type: text/html
    • ETag: "84238dfc8092e5d9c0dac8ef93371a07:1736799080.121134"
    • Last-Modified: Mon, 13 Jan 2025 20:11:20 GMT
    • Vary: Accept-Encoding
    • Content-Encoding: gzip
    • Cache-Control: max-age=497
    • Date: Wed, 25 Jun 2025 06:56:59 GMT
    • Content-Length: 20
    • Connection: keep-alive
  HTTPS:
    • Accept-Ranges: bytes
    • Content-Type: text/html
    • ETag: "84238dfc8092e5d9c0dac8ef93371a07:1736799080.121134"
    • Last-Modified: Mon, 13 Jan 2025 20:11:20 GMT
    • Vary: Accept-Encoding
    • Content-Encoding: gzip
    • Cache-Control: max-age=935
    • Date: Wed, 25 Jun 2025 06:57:01 GMT
    • Alt-Svc: h3=":443"; ma=93600,h3-29=":443"; ma=93600
    • Content-Length: 20
    • Connection: keep-alive

GEOLOCATION:
  • IP: 23.215.0.138
  • Country: United States
  • City: Ashburn
  • ISP: Akamai International B.V.

